[DEERPP,INDIVIDUAL_PROSPECT] => Error: Invalid Document template type or record type
[DEERPP,LEGAL_PROSPECT] => Error: Invalid Document template type or record type
[DEERPP,ALL] => Error: Invalid Document template type or record type
[DEERPM,INDIVIDUAL_PROSPECT] => Error: Invalid Document template type or record type
[DEERPM,LEGAL_PROSPECT] => Error: Invalid Document template type or record type
[DEERPM,ALL] => Error: Invalid Document template type or record type
[AUTP,INDIVIDUAL_PROSPECT] => AUTP
[AUTP,LEGAL_PROSPECT] => Error: Invalid Document template type or record type
[AUTP,ALL] => Error: Invalid Document template type or record type
[AUTM,INDIVIDUAL_PROSPECT] => Error: Invalid Document template type or record type
[AUTM,LEGAL_PROSPECT] => AUTM
[AUTM,ALL] => Error: Invalid Document template type or record type
[SPEC,INDIVIDUAL_PROSPECT] => SPEC
[SPEC,LEGAL_PROSPECT] => SPEC
[SPEC,ALL] => SPEC
[GLPP,INDIVIDUAL_PROSPECT] => GLPP
[GLPP,LEGAL_PROSPECT] => Error: Invalid Document template type or record type
[GLPP,ALL] => Error: Invalid Document template type or record type
[GLPM,INDIVIDUAL_PROSPECT] => Error: Invalid Document template type or record type
[GLPM,LEGAL_PROSPECT] => GLPM
[GLPM,ALL] => Error: Invalid Document template type or record type
